[5, 4, 3, 2, 1]
[house, goat, frog, elephant, dog, cat, bat, airplane]