[1, 2, 3, 4, 5]
[airplane, bat, cat, dog, elephant, frog, goat, house]